../Core/Src/main.c:88:5:main	80	static
../Core/Src/main.c:243:6:SystemClock_Config	88	static
../Core/Src/main.c:284:13:MX_ADC_Init	24	static
../Core/Src/main.c:346:13:MX_CAN_Init	8	static
../Core/Src/main.c:383:13:MX_TIM1_Init	32	static
../Core/Src/main.c:429:13:MX_USART2_UART_Init	8	static
../Core/Src/main.c:462:13:MX_DMA_Init	16	static
../Core/Src/main.c:480:13:MX_GPIO_Init	48	static
../Core/Src/main.c:524:6:HAL_ADC_ConvCpltCallback	16	static
../Core/Src/main.c:538:6:Error_Handler	8	static,ignoring_inline_asm
