../Core/Src/main.c:88:5:main	64	static
../Core/Src/main.c:254:6:SystemClock_Config	88	static
../Core/Src/main.c:295:13:MX_ADC_Init	24	static
../Core/Src/main.c:357:13:MX_CAN_Init	8	static
../Core/Src/main.c:394:13:MX_TIM1_Init	32	static
../Core/Src/main.c:440:13:MX_USART2_UART_Init	8	static
../Core/Src/main.c:473:13:MX_DMA_Init	16	static
../Core/Src/main.c:491:13:MX_GPIO_Init	48	static
../Core/Src/main.c:535:6:HAL_ADC_ConvCpltCallback	16	static
../Core/Src/main.c:549:6:Error_Handler	8	static,ignoring_inline_asm
